=== [collect] 供应链边 ===
[collect] edges: 7657 行 -> D:\Data\CodeRepository\py\GraghRiskEvaluate\repository\interim\edges.parquet
[collect] 需采集 (symbol, year) 全集: 17852
=== [collect] 财务特征 ===
[financial] 待采集 177 / 全集 17852（已完成 17675）
[financial] 进度 50/177，已落盘临时结果
[financial] 进度 100/177，已落盘临时结果
[financial] 进度 150/177，已落盘临时结果
[financial] 完成：总 17852 行，成功 15376 行 -> D:\Data\CodeRepository\py\GraghRiskEvaluate\repository\interim\financial.parquet
=== [collect] 行情（KMV 所需）===
[market] 待采集 14893 / 全集 17852（已完成 2959）
[market] 进度 50/14893，已落盘临时结果
[market] 进度 100/14893，已落盘临时结果
[market] 进度 150/14893，已落盘临时结果
[market] 进度 200/14893，已落盘临时结果
[market] 进度 250/14893，已落盘临时结果
[market] 进度 300/14893，已落盘临时结果
[market] 进度 350/14893，已落盘临时结果
[market] 进度 400/14893，已落盘临时结果
[market] 进度 450/14893，已落盘临时结果
[market] 进度 500/14893，已落盘临时结果
[market] 进度 550/14893，已落盘临时结果
[market] 进度 600/14893，已落盘临时结果
[market] 进度 650/14893，已落盘临时结果
[market] 进度 700/14893，已落盘临时结果
[market] 进度 750/14893，已落盘临时结果
[market] 进度 800/14893，已落盘临时结果
[market] 进度 850/14893，已落盘临时结果
[market] 进度 900/14893，已落盘临时结果
[market] 进度 950/14893，已落盘临时结果
[market] 进度 1000/14893，已落盘临时结果
[market] 进度 1050/14893，已落盘临时结果
[market] 进度 1100/14893，已落盘临时结果
[market] 进度 1150/14893，已落盘临时结果
[market] 进度 1200/14893，已落盘临时结果
[market] 进度 1250/14893，已落盘临时结果
[market] 进度 1300/14893，已落盘临时结果
[market] 进度 1350/14893，已落盘临时结果
[market] 进度 1400/14893，已落盘临时结果
[market] 进度 1450/14893，已落盘临时结果
[market] 进度 1500/14893，已落盘临时结果
[market] 进度 1550/14893，已落盘临时结果
[market] 进度 1600/14893，已落盘临时结果
[market] 进度 1650/14893，已落盘临时结果
[market] 进度 1700/14893，已落盘临时结果
[market] 进度 1750/14893，已落盘临时结果
[market] 进度 1800/14893，已落盘临时结果
[market] 进度 1850/14893，已落盘临时结果
[market] 进度 1900/14893，已落盘临时结果
[market] 进度 1950/14893，已落盘临时结果
[market] 进度 2000/14893，已落盘临时结果
[market] 进度 2050/14893，已落盘临时结果
[market] 进度 2100/14893，已落盘临时结果
[market] 进度 2150/14893，已落盘临时结果
[market] 进度 2200/14893，已落盘临时结果
[market] 进度 2250/14893，已落盘临时结果
[market] 进度 2300/14893，已落盘临时结果
[market] 进度 2350/14893，已落盘临时结果
[market] 进度 2400/14893，已落盘临时结果
[market] 进度 2450/14893，已落盘临时结果
[market] 进度 2500/14893，已落盘临时结果
[market] 进度 2550/14893，已落盘临时结果
[market] 进度 2600/14893，已落盘临时结果
[market] 进度 2650/14893，已落盘临时结果
[market] 进度 2700/14893，已落盘临时结果
[market] 进度 2750/14893，已落盘临时结果
[market] 进度 2800/14893，已落盘临时结果
[market] 进度 2850/14893，已落盘临时结果
[market] 进度 2900/14893，已落盘临时结果
[market] 进度 2950/14893，已落盘临时结果
[market] 进度 3000/14893，已落盘临时结果
[market] 进度 3050/14893，已落盘临时结果
[market] 进度 3100/14893，已落盘临时结果
[market] 进度 3150/14893，已落盘临时结果
[market] 进度 3200/14893，已落盘临时结果
[market] 进度 3250/14893，已落盘临时结果
[market] 进度 3300/14893，已落盘临时结果
[market] 进度 3350/14893，已落盘临时结果
[market] 进度 3400/14893，已落盘临时结果
[market] 进度 3450/14893，已落盘临时结果
[market] 进度 3500/14893，已落盘临时结果
[market] 进度 3550/14893，已落盘临时结果
[market] 进度 3600/14893，已落盘临时结果
[market] 进度 3650/14893，已落盘临时结果
[market] 进度 3700/14893，已落盘临时结果
[market] 进度 3750/14893，已落盘临时结果
[market] 进度 3800/14893，已落盘临时结果
[market] 进度 3850/14893，已落盘临时结果
[market] 进度 3900/14893，已落盘临时结果
[market] 进度 3950/14893，已落盘临时结果
[market] 进度 4000/14893，已落盘临时结果
[market] 进度 4050/14893，已落盘临时结果
[market] 进度 4100/14893，已落盘临时结果
[market] 进度 4150/14893，已落盘临时结果
[market] 进度 4200/14893，已落盘临时结果
[market] 进度 4250/14893，已落盘临时结果
[market] 进度 4300/14893，已落盘临时结果
[market] 进度 4350/14893，已落盘临时结果
[market] 进度 4400/14893，已落盘临时结果
[market] 进度 4450/14893，已落盘临时结果
[market] 进度 4500/14893，已落盘临时结果
[market] 进度 4550/14893，已落盘临时结果
[market] 进度 4600/14893，已落盘临时结果
[market] 进度 4650/14893，已落盘临时结果
[market] 进度 4700/14893，已落盘临时结果
[market] 进度 4750/14893，已落盘临时结果
[market] 进度 4800/14893，已落盘临时结果
[market] 进度 4850/14893，已落盘临时结果
[market] 进度 4900/14893，已落盘临时结果
[market] 进度 4950/14893，已落盘临时结果
[market] 进度 5000/14893，已落盘临时结果
[market] 进度 5050/14893，已落盘临时结果
[market] 进度 5100/14893，已落盘临时结果
[market] 进度 5150/14893，已落盘临时结果
[market] 进度 5200/14893，已落盘临时结果
[market] 进度 5250/14893，已落盘临时结果
[market] 进度 5300/14893，已落盘临时结果
[market] 进度 5350/14893，已落盘临时结果
[market] 进度 5400/14893，已落盘临时结果
[market] 进度 5450/14893，已落盘临时结果
[market] 进度 5500/14893，已落盘临时结果
[market] 进度 5550/14893，已落盘临时结果
[market] 进度 5600/14893，已落盘临时结果
[market] 进度 5650/14893，已落盘临时结果
[market] 进度 5700/14893，已落盘临时结果
[market] 进度 5750/14893，已落盘临时结果
[market] 进度 5800/14893，已落盘临时结果
[market] 进度 5850/14893，已落盘临时结果
[market] 进度 5900/14893，已落盘临时结果
[market] 进度 5950/14893，已落盘临时结果
[market] 进度 6000/14893，已落盘临时结果
[market] 进度 6050/14893，已落盘临时结果
[market] 进度 6100/14893，已落盘临时结果
[market] 进度 6150/14893，已落盘临时结果
[market] 进度 6200/14893，已落盘临时结果
[market] 进度 6250/14893，已落盘临时结果
[market] 进度 6300/14893，已落盘临时结果
[market] 进度 6350/14893，已落盘临时结果
[market] 进度 6400/14893，已落盘临时结果
[market] 进度 6450/14893，已落盘临时结果
[market] 进度 6500/14893，已落盘临时结果
[market] 进度 6550/14893，已落盘临时结果
[market] 进度 6600/14893，已落盘临时结果
[market] 进度 6650/14893，已落盘临时结果
[market] 进度 6700/14893，已落盘临时结果
[market] 进度 6750/14893，已落盘临时结果
[market] 进度 6800/14893，已落盘临时结果
[market] 进度 6850/14893，已落盘临时结果
[market] 进度 6900/14893，已落盘临时结果
[market] 进度 6950/14893，已落盘临时结果
[market] 进度 7000/14893，已落盘临时结果
[market] 进度 7050/14893，已落盘临时结果
[market] 进度 7100/14893，已落盘临时结果
[market] 进度 7150/14893，已落盘临时结果
[market] 进度 7200/14893，已落盘临时结果
[market] 进度 7250/14893，已落盘临时结果
[market] 进度 7300/14893，已落盘临时结果
[market] 进度 7350/14893，已落盘临时结果
[market] 进度 7400/14893，已落盘临时结果
[market] 进度 7450/14893，已落盘临时结果
[market] 进度 7500/14893，已落盘临时结果
[market] 进度 7550/14893，已落盘临时结果
[market] 进度 7600/14893，已落盘临时结果
[market] 进度 7650/14893，已落盘临时结果
[market] 进度 7700/14893，已落盘临时结果
[market] 进度 7750/14893，已落盘临时结果
[market] 进度 7800/14893，已落盘临时结果
[market] 进度 7850/14893，已落盘临时结果
[market] 进度 7900/14893，已落盘临时结果
[market] 进度 7950/14893，已落盘临时结果
[market] 进度 8000/14893，已落盘临时结果
[market] 进度 8050/14893，已落盘临时结果
[market] 进度 8100/14893，已落盘临时结果
[market] 进度 8150/14893，已落盘临时结果
[market] 进度 8200/14893，已落盘临时结果
[market] 进度 8250/14893，已落盘临时结果
[market] 进度 8300/14893，已落盘临时结果
[market] 进度 8350/14893，已落盘临时结果
[market] 进度 8400/14893，已落盘临时结果
[market] 进度 8450/14893，已落盘临时结果
[market] 进度 8500/14893，已落盘临时结果
[market] 进度 8550/14893，已落盘临时结果
[market] 进度 8600/14893，已落盘临时结果
[market] 进度 8650/14893，已落盘临时结果
[market] 进度 8700/14893，已落盘临时结果
[market] 进度 8750/14893，已落盘临时结果
[market] 进度 8800/14893，已落盘临时结果
[market] 进度 8850/14893，已落盘临时结果
[market] 进度 8900/14893，已落盘临时结果
[market] 进度 8950/14893，已落盘临时结果
[market] 进度 9000/14893，已落盘临时结果
[market] 进度 9050/14893，已落盘临时结果
[market] 进度 9100/14893，已落盘临时结果
[market] 进度 9150/14893，已落盘临时结果
[market] 进度 9200/14893，已落盘临时结果
[market] 进度 9250/14893，已落盘临时结果
[market] 进度 9300/14893，已落盘临时结果
[market] 进度 9350/14893，已落盘临时结果
[market] 进度 9400/14893，已落盘临时结果
[market] 进度 9450/14893，已落盘临时结果
[market] 进度 9500/14893，已落盘临时结果
[market] 进度 9550/14893，已落盘临时结果
[market] 进度 9600/14893，已落盘临时结果
[market] 进度 9650/14893，已落盘临时结果
[market] 进度 9700/14893，已落盘临时结果
[market] 进度 9750/14893，已落盘临时结果
[market] 进度 9800/14893，已落盘临时结果
[market] 进度 9850/14893，已落盘临时结果
[market] 进度 9900/14893，已落盘临时结果
[market] 进度 9950/14893，已落盘临时结果
[market] 进度 10000/14893，已落盘临时结果
[market] 进度 10050/14893，已落盘临时结果
[market] 进度 10100/14893，已落盘临时结果
[market] 进度 10150/14893，已落盘临时结果
[market] 进度 10200/14893，已落盘临时结果
[market] 进度 10250/14893，已落盘临时结果
[market] 进度 10300/14893，已落盘临时结果
[market] 进度 10350/14893，已落盘临时结果
[market] 进度 10400/14893，已落盘临时结果
[market] 进度 10450/14893，已落盘临时结果
[market] 进度 10500/14893，已落盘临时结果
[market] 进度 10550/14893，已落盘临时结果
[market] 进度 10600/14893，已落盘临时结果
[market] 进度 10650/14893，已落盘临时结果
[market] 进度 10700/14893，已落盘临时结果
[market] 进度 10750/14893，已落盘临时结果
[market] 进度 10800/14893，已落盘临时结果
[market] 进度 10850/14893，已落盘临时结果
[market] 进度 10900/14893，已落盘临时结果
[market] 进度 10950/14893，已落盘临时结果
[market] 进度 11000/14893，已落盘临时结果
[market] 进度 11050/14893，已落盘临时结果
[market] 进度 11100/14893，已落盘临时结果
[market] 进度 11150/14893，已落盘临时结果
[market] 进度 11200/14893，已落盘临时结果
[market] 进度 11250/14893，已落盘临时结果
[market] 进度 11300/14893，已落盘临时结果
[market] 进度 11350/14893，已落盘临时结果
[market] 进度 11400/14893，已落盘临时结果
[market] 进度 11450/14893，已落盘临时结果
[market] 进度 11500/14893，已落盘临时结果
[market] 进度 11550/14893，已落盘临时结果
[market] 进度 11600/14893，已落盘临时结果
[market] 进度 11650/14893，已落盘临时结果
[market] 进度 11700/14893，已落盘临时结果
[market] 进度 11750/14893，已落盘临时结果
[market] 进度 11800/14893，已落盘临时结果
[market] 进度 11850/14893，已落盘临时结果
[market] 进度 11900/14893，已落盘临时结果
[market] 进度 11950/14893，已落盘临时结果
[market] 进度 12000/14893，已落盘临时结果
[market] 进度 12050/14893，已落盘临时结果
[market] 进度 12100/14893，已落盘临时结果
[market] 进度 12150/14893，已落盘临时结果
[market] 进度 12200/14893，已落盘临时结果
[market] 进度 12250/14893，已落盘临时结果
[market] 进度 12300/14893，已落盘临时结果
[market] 进度 12350/14893，已落盘临时结果
[market] 进度 12400/14893，已落盘临时结果
[market] 进度 12450/14893，已落盘临时结果
[market] 进度 12500/14893，已落盘临时结果
[market] 进度 12550/14893，已落盘临时结果
[market] 进度 12600/14893，已落盘临时结果
[market] 进度 12650/14893，已落盘临时结果
[market] 进度 12700/14893，已落盘临时结果
[market] 进度 12750/14893，已落盘临时结果
[market] 进度 12800/14893，已落盘临时结果
[market] 进度 12850/14893，已落盘临时结果
[market] 进度 12900/14893，已落盘临时结果
[market] 进度 12950/14893，已落盘临时结果
[market] 进度 13000/14893，已落盘临时结果
[market] 进度 13050/14893，已落盘临时结果
[market] 进度 13100/14893，已落盘临时结果
[market] 进度 13150/14893，已落盘临时结果
[market] 进度 13200/14893，已落盘临时结果
[market] 进度 13250/14893，已落盘临时结果
[market] 进度 13300/14893，已落盘临时结果
[market] 进度 13350/14893，已落盘临时结果
[market] 进度 13400/14893，已落盘临时结果
[market] 进度 13450/14893，已落盘临时结果
[market] 进度 13500/14893，已落盘临时结果
[market] 进度 13550/14893，已落盘临时结果
[market] 进度 13600/14893，已落盘临时结果
[market] 进度 13650/14893，已落盘临时结果
[market] 进度 13700/14893，已落盘临时结果
[market] 进度 13750/14893，已落盘临时结果
[market] 进度 13800/14893，已落盘临时结果
[market] 进度 13850/14893，已落盘临时结果
[market] 进度 13900/14893，已落盘临时结果
[market] 进度 13950/14893，已落盘临时结果
[market] 进度 14000/14893，已落盘临时结果
[market] 进度 14050/14893，已落盘临时结果
[market] 进度 14100/14893，已落盘临时结果
[market] 进度 14150/14893，已落盘临时结果
[market] 进度 14200/14893，已落盘临时结果
[market] 进度 14250/14893，已落盘临时结果
[market] 进度 14300/14893，已落盘临时结果
[market] 进度 14350/14893，已落盘临时结果
[market] 进度 14400/14893，已落盘临时结果
[market] 进度 14450/14893，已落盘临时结果
[market] 进度 14500/14893，已落盘临时结果
[market] 进度 14550/14893，已落盘临时结果
[market] 进度 14600/14893，已落盘临时结果
[market] 进度 14650/14893，已落盘临时结果
[market] 进度 14700/14893，已落盘临时结果
[market] 进度 14750/14893，已落盘临时结果
[market] 进度 14800/14893，已落盘临时结果
[market] 进度 14850/14893，已落盘临时结果
[market] 完成：总 17852 行 -> D:\Data\CodeRepository\py\GraghRiskEvaluate\repository\interim\market.parquet
